 THIS SOFTWARE AND ANY ACCOMPANYING DOCUMENTATION
 IS RELEASED "AS IS".  THE U.S. GOVERNMENT MAKES NO
 WARRANTY OF ANY KIND, EXPRESS OR IMPLIED, CONCERNING
 THIS SOFTWARE AND ANY ACCOMPANYING DOCUMENTATION,
 INCLUDING, WITHOUT LIMITATION, ANY WARRANTIES OF
 MERCHANTABILITY OR FITNESS FOR A PARTICULAR PURPOSE.
 IN NO EVENT WILL THE U.S. GOVERNMENT BE LIABLE FOR ANY
 DAMAGES, INCLUDING LOST PROFITS, LOST SAVINGS OR OTHER
 INCIDENTAL OR CONSEQUENTIAL DAMAGES ARISING OUT OF THE 
 USE, OR INABILITY TO USE, THIS SOFTWARE OR ANY
 ACCOMPANYING DOCUMENTATION, EVEN IF INFORMED IN ADVANCE
 OF THE POSSIBILITY OF SUCH DAMAGES.
  ****************************************************
  *    USAF STABILITY AND CONTROL  DIGITAL DATCOM    *
  *    PROGRAM REV. JAN 96   DIRECT INQUIRIES TO:    *
  *    WRIGHT LABORATORY  (WL/FIGC)  ATTN: W. BLAKE  *
  *      WRIGHT PATTERSON AFB, OHIO  45433           *
  *    PHONE (513) 255-6764,   FAX (513) 258-4054    *
  ****************************************************
 Preparing to start the big loop
 At 1000
1                         CONERR - INPUT ERROR CHECKING
0 ERROR CODES - N* DENOTES THE NUMBER OF OCCURENCES OF EACH ERROR
0 A - UNKNOWN VARIABLE NAME
0 B - MISSING EQUAL SIGN FOLLOWING VARIABLE NAME
0 C - NON-ARRAY VARIABLE HAS AN ARRAY ELEMENT DESIGNATION - (N)
0 D - NON-ARRAY VARIABLE HAS MULTIPLE VALUES ASSIGNED
0 E - ASSIGNED VALUES EXCEED ARRAY DIMENSION
0 F - SYNTAX ERROR

0******************************  INPUT DATA CARDS  ******************************

 CASEID Citation II Model 550 Aircraft                                           
 DIM FT                                                                          
  $FLTCON LOOP=1.0,                                                              
   NMACH=1.0, MACH(1)=0.6,                                                       
   NALT=1.0, ALT(1)=30000.0,                                                     
   NALPHA=10.0, ALSCHD(1)=-6.0,-4.0,-2.0,0.0,2.0,4.0,                            
   6.0,8.0,10.0,12.0,                                                            
   STMACH=0.8, WT=9149.0$                                                        
  $OPTINS SREF=320.8, BLREF=51.7$                                                
  $SYNTHS XCG=21.9, ZCG=3.125,                                                   
           XW=19.1,  ZW=3.125,  ALIW=2.5,                                        
           XH=39.2,  ZH=7.75,   ALIH=0.0,                                        
           XV=36.0,  ZV=6.0,                                                     
           XVF=28.0, ZVF=7.4,                                                    
           SCALE=1.0, VERTUP=.TRUE.$                                             
  $BODY NX=8.0,                                                                  
         X(1)=0.0,1.0,2.7,6.0,8.8,28.5,39.4,44.8,                                
         R(1)=0.0,1.25,2.1,2.7,2.76,2.7,1.25,0.0,                                
         ZU(1)=3.5,4.3,4.8,5.5,7.4,7.4,6.5,5.7,                                  
         ZL(1)=3.5,2.5,2.25,2.1,2.0,2.2,4.3,5.7,                                 
         BNOSE=1.0, BLN=8.8,                                                     
         BTAIL=1.0, BLA=19.7,                                                    
         ITYPE=1.0, METHOD=1.0$                                                  
  $WGPLNF CHRDR=9.4,   CHRDTP=3.01,                                              
           SSPN=25.85,  SSPNE=23.46,                                             
           SAVSI=1.3,                                                            
           CHSTAT=0.25, TWISTA=-3.0,                                             
           DHDADI=3.6,                                                           
           TYPE=1.0$                                                             
  $HTPLNF CHRDR=4.99, CHRDTP=2.48,                                               
           SSPN=9.42, SSPNE=9.21,                                                
           SAVSI=5.32,                                                           
           CHSTAT=0.25, TWISTA=0.0,                                              
           DHDADI=9.2,                                                           
           TYPE=1.0$                                                             
  $VTPLNF CHRDTP=3.63, SSPNE=8.85,  SSPN=9.42, CHRDR=8.3,                        
           SAVSI=32.3,  CHSTAT=0.25, TWISTA=0.0, TYPE=1.0$                       
  $VFPLNF CHRDR=11.8, CHRDTP=0.0, CHSTAT=0.0, DHDADO=0.0,                        
           SAVSI=80.0, SSPN=2.3,  SSPNE=2.1, TYPE=1.0$                           
 NACA-W-5-23014                                                                  
 NACA-H-4-0010                                                                   
 NACA-V-4-0012                                                                   
 NACA-F-4-0012  		                                                               
 DAMP                                                                            
 PART                                                                            
 NEXT CASE                                                                       
1          THE FOLLOWING IS A LIST OF ALL INPUT CARDS FOR THIS CASE.
0
 CASEID Citation II Model 550 Aircraft                                           
 DIM FT                                                                          
  $FLTCON LOOP=1.0,                                                              
   NMACH=1.0, MACH(1)=0.6,                                                       
   NALT=1.0, ALT(1)=30000.0,                                                     
   NALPHA=10.0, ALSCHD(1)=-6.0,-4.0,-2.0,0.0,2.0,4.0,                            
   6.0,8.0,10.0,12.0,                                                            
   STMACH=0.8, WT=9149.0$                                                        
  $OPTINS SREF=320.8, BLREF=51.7$                                                
  $SYNTHS XCG=21.9, ZCG=3.125,                                                   
           XW=19.1,  ZW=3.125,  ALIW=2.5,                                        
           XH=39.2,  ZH=7.75,   ALIH=0.0,                                        
           XV=36.0,  ZV=6.0,                                                     
           XVF=28.0, ZVF=7.4,                                                    
           SCALE=1.0, VERTUP=.TRUE.$                                             
  $BODY NX=8.0,                                                                  
         X(1)=0.0,1.0,2.7,6.0,8.8,28.5,39.4,44.8,                                
         R(1)=0.0,1.25,2.1,2.7,2.76,2.7,1.25,0.0,                                
         ZU(1)=3.5,4.3,4.8,5.5,7.4,7.4,6.5,5.7,                                  
         ZL(1)=3.5,2.5,2.25,2.1,2.0,2.2,4.3,5.7,                                 
         BNOSE=1.0, BLN=8.8,                                                     
         BTAIL=1.0, BLA=19.7,                                                    
         ITYPE=1.0, METHOD=1.0$                                                  
  $WGPLNF CHRDR=9.4,   CHRDTP=3.01,                                              
           SSPN=25.85,  SSPNE=23.46,                                             
           SAVSI=1.3,                                                            
           CHSTAT=0.25, TWISTA=-3.0,                                             
           DHDADI=3.6,                                                           
           TYPE=1.0$                                                             
  $HTPLNF CHRDR=4.99, CHRDTP=2.48,                                               
           SSPN=9.42, SSPNE=9.21,                                                
           SAVSI=5.32,                                                           
           CHSTAT=0.25, TWISTA=0.0,                                              
           DHDADI=9.2,                                                           
           TYPE=1.0$                                                             
  $VTPLNF CHRDTP=3.63, SSPNE=8.85,  SSPN=9.42, CHRDR=8.3,                        
           SAVSI=32.3,  CHSTAT=0.25, TWISTA=0.0, TYPE=1.0$                       
  $VFPLNF CHRDR=11.8, CHRDTP=0.0, CHSTAT=0.0, DHDADO=0.0,                        
           SAVSI=80.0, SSPN=2.3,  SSPNE=2.1, TYPE=1.0$                           
 NACA-W-5-23014                                                                  
 NACA-H-4-0010                                                                   
 NACA-V-4-0012                                                                   
 NACA-F-4-0012  		                                                               
 DAMP                                                                            
 PART                                                                            
 NEXT CASE                                                                       
0 INPUT DIMENSIONS ARE IN FT, SCALE FACTOR IS 1.0000

 Return to main program from M01O01
1                             AUTOMATED STABILITY AND CONTROL METHODS PER APRIL 1976 VERSION OF DATCOM   
                                                        WING SECTION DEFINITION
                                                                NACA 23014
     UPPER ABSCISSA     UPPER ORDINATE     LOWER ABSCISSA     LOWER ORDINATE      X-FRACTION CHORD    MEAN LINE    THICKNESS
         0.00000            0.00000           0.00000           0.00000              0.00000           0.00000       0.00000
        -0.00102            0.00649           0.00302          -0.00583              0.00100           0.00033       0.01297
        -0.00081            0.00933           0.00481          -0.00802              0.00200           0.00066       0.01823
        -0.00040            0.01156           0.00640          -0.00961              0.00300           0.00098       0.02223
         0.00013            0.01349           0.00787          -0.01089              0.00400           0.00130       0.02558
         0.00073            0.01521           0.00927          -0.01198              0.00500           0.00161       0.02850
         0.00138            0.01679           0.01062          -0.01293              0.00600           0.00193       0.03112
         0.00207            0.01826           0.01193          -0.01378              0.00700           0.00224       0.03352
         0.00280            0.01964           0.01320          -0.01455              0.00800           0.00254       0.03574
         0.00356            0.02095           0.01444          -0.01526              0.00900           0.00284       0.03781
         0.00433            0.02220           0.01567          -0.01591              0.01000           0.00314       0.03975
         0.01295            0.03257           0.02705          -0.02066              0.02000           0.00595       0.05506
         0.02245            0.04071           0.03755          -0.02382              0.03000           0.00845       0.06627
         0.03243            0.04753           0.04757          -0.02625              0.04000           0.01064       0.07531
         0.04274            0.05339           0.05726          -0.02828              0.05000           0.01255       0.08294
         0.05326            0.05846           0.06674          -0.03006              0.06000           0.01420       0.08954
         0.06393            0.06289           0.07607          -0.03168              0.07000           0.01560       0.09535
         0.07469            0.06675           0.08531          -0.03319              0.08000           0.01678       0.10050
         0.08550            0.07010           0.09450          -0.03463              0.09000           0.01773       0.10512
         0.09633            0.07301           0.10367          -0.03601              0.10000           0.01850       0.10926
         0.10716            0.07552           0.11284          -0.03735              0.11000           0.01909       0.11301
         0.11796            0.07767           0.12204          -0.03865              0.12000           0.01951       0.11639
         0.12870            0.07951           0.13130          -0.03992              0.13000           0.01979       0.11945
         0.13939            0.08106           0.14061          -0.04116              0.14000           0.01995       0.12222
         0.15000            0.08236           0.15000          -0.04236              0.15000           0.02000       0.12472
         0.16052            0.08344           0.15948          -0.04353              0.16000           0.01996       0.12698
         0.17095            0.08434           0.16905          -0.04465              0.17000           0.01984       0.12900
         0.18128            0.08507           0.17872          -0.04573              0.18000           0.01967       0.13082
         0.19150            0.08566           0.18850          -0.04675              0.19000           0.01945       0.13244
         0.20160            0.08614           0.19840          -0.04770              0.20000           0.01922       0.13388
         0.21162            0.08653           0.20838          -0.04857              0.21000           0.01898       0.13514
         0.22164            0.08684           0.21836          -0.04936              0.22000           0.01874       0.13623
         0.23165            0.08707           0.22835          -0.05007              0.23000           0.01850       0.13718
         0.24166            0.08723           0.23834          -0.05071              0.24000           0.01826       0.13797
         0.25166            0.08731           0.24834          -0.05128              0.25000           0.01802       0.13863
         0.26167            0.08734           0.25833          -0.05178              0.26000           0.01778       0.13915
         0.27168            0.08729           0.26832          -0.05222              0.27000           0.01754       0.13955
         0.28168            0.08719           0.27832          -0.05259              0.28000           0.01730       0.13983
         0.29168            0.08703           0.28832          -0.05292              0.29000           0.01706       0.13999
         0.30168            0.08682           0.29832          -0.05318              0.30000           0.01682       0.14004
         0.35167            0.08500           0.34833          -0.05376              0.35000           0.01562       0.13880
         0.40163            0.08210           0.39837          -0.05327              0.40000           0.01442       0.13540
         0.45156            0.07830           0.44844          -0.05188              0.45000           0.01321       0.13022
         0.50148            0.07376           0.49852          -0.04973              0.50000           0.01201       0.12353
         0.55139            0.06857           0.54861          -0.04695              0.55000           0.01081       0.11556
         0.60128            0.06283           0.59872          -0.04361              0.60000           0.00961       0.10648
         0.65116            0.05661           0.64884          -0.03979              0.65000           0.00841       0.09642
         0.70103            0.04994           0.69897          -0.03553              0.70000           0.00721       0.08549
         0.75089            0.04287           0.74911          -0.03085              0.75000           0.00601       0.07374
         0.80074            0.03540           0.79927          -0.02579              0.80000           0.00481       0.06121
         0.82067            0.03230           0.81933          -0.02365              0.82000           0.00432       0.05597
         0.84061            0.02915           0.83939          -0.02146              0.84000           0.00384       0.05062
         0.86054            0.02592           0.85946          -0.01920              0.86000           0.00336       0.04514
         0.88047            0.02264           0.87953          -0.01687              0.88000           0.00288       0.03952
         0.90041            0.01929           0.89959          -0.01448              0.90000           0.00240       0.03378
         0.92034            0.01587           0.91966          -0.01202              0.92000           0.00192       0.02790
         0.94026            0.01238           0.93974          -0.00950              0.94000           0.00144       0.02188
         0.96019            0.00882           0.95981          -0.00690              0.96000           0.00096       0.01572
         0.98011            0.00518           0.97989          -0.00422              0.98000           0.00048       0.00941
         1.00000            0.00000           1.00000           0.00000              1.00000           0.00000       0.00000
1                             AUTOMATED STABILITY AND CONTROL METHODS PER APRIL 1976 VERSION OF DATCOM   
                                                        WING SECTION DEFINITION
0                                 IDEAL ANGLE OF ATTACK =   1.78973 DEG.

                              ZERO LIFT ANGLE OF ATTACK =  -1.07986 DEG.

                                 IDEAL LIFT COEFFICIENT =   0.32672

                  ZERO LIFT PITCHING MOMENT COEFFICIENT =  -0.01182

                             MACH ZERO LIFT-CURVE-SLOPE =   0.09490 /DEG.

                                    LEADING EDGE RADIUS =   0.02160 FRACTION CHORD

                              MAXIMUM AIRFOIL THICKNESS =   0.14000 FRACTION CHORD

                                                DELTA-Y =   3.69714 PERCENT CHORD


0                         MACH= 0.6000 LIFT-CURVE-SLOPE =   0.11360 /DEG.      XAC =   0.26338
1                             AUTOMATED STABILITY AND CONTROL METHODS PER APRIL 1976 VERSION OF DATCOM   
                                                   HORIZONTAL TAIL SECTION DEFINITION
                                                                NACA 0010
     UPPER ABSCISSA     UPPER ORDINATE     LOWER ABSCISSA     LOWER ORDINATE      X-FRACTION CHORD    MEAN LINE    THICKNESS
         0.00000            0.00000           0.00000           0.00000              0.00000           0.00000       0.00000
         0.00100            0.00463           0.00100          -0.00463              0.00100           0.00000       0.00926
         0.00200            0.00651           0.00200          -0.00651              0.00200           0.00000       0.01302
         0.00300            0.00794           0.00300          -0.00794              0.00300           0.00000       0.01588
         0.00400            0.00913           0.00400          -0.00913              0.00400           0.00000       0.01827
         0.00500            0.01018           0.00500          -0.01018              0.00500           0.00000       0.02036
         0.00600            0.01111           0.00600          -0.01111              0.00600           0.00000       0.02223
         0.00700            0.01197           0.00700          -0.01197              0.00700           0.00000       0.02394
         0.00800            0.01276           0.00800          -0.01276              0.00800           0.00000       0.02553
         0.00900            0.01350           0.00900          -0.01350              0.00900           0.00000       0.02700
         0.01000            0.01420           0.01000          -0.01420              0.01000           0.00000       0.02840
         0.02000            0.01966           0.02000          -0.01966              0.02000           0.00000       0.03933
         0.03000            0.02367           0.03000          -0.02367              0.03000           0.00000       0.04734
         0.04000            0.02690           0.04000          -0.02690              0.04000           0.00000       0.05380
         0.05000            0.02962           0.05000          -0.02962              0.05000           0.00000       0.05924
         0.06000            0.03198           0.06000          -0.03198              0.06000           0.00000       0.06396
         0.07000            0.03405           0.07000          -0.03405              0.07000           0.00000       0.06810
         0.08000            0.03589           0.08000          -0.03589              0.08000           0.00000       0.07179
         0.09000            0.03754           0.09000          -0.03754              0.09000           0.00000       0.07508
         0.10000            0.03902           0.10000          -0.03902              0.10000           0.00000       0.07805
         0.11000            0.04036           0.11000          -0.04036              0.11000           0.00000       0.08072
         0.12000            0.04157           0.12000          -0.04157              0.12000           0.00000       0.08314
         0.13000            0.04266           0.13000          -0.04266              0.13000           0.00000       0.08532
         0.14000            0.04365           0.14000          -0.04365              0.14000           0.00000       0.08730
         0.15000            0.04454           0.15000          -0.04454              0.15000           0.00000       0.08909
         0.16000            0.04535           0.16000          -0.04535              0.16000           0.00000       0.09070
         0.17000            0.04607           0.17000          -0.04607              0.17000           0.00000       0.09215
         0.18000            0.04672           0.18000          -0.04672              0.18000           0.00000       0.09344
         0.19000            0.04730           0.19000          -0.04730              0.19000           0.00000       0.09460
         0.20000            0.04781           0.20000          -0.04781              0.20000           0.00000       0.09563
         0.21000            0.04826           0.21000          -0.04826              0.21000           0.00000       0.09653
         0.22000            0.04866           0.22000          -0.04866              0.22000           0.00000       0.09731
         0.23000            0.04899           0.23000          -0.04899              0.23000           0.00000       0.09798
         0.24000            0.04928           0.24000          -0.04928              0.24000           0.00000       0.09855
         0.25000            0.04951           0.25000          -0.04951              0.25000           0.00000       0.09902
         0.26000            0.04970           0.26000          -0.04970              0.26000           0.00000       0.09939
         0.27000            0.04984           0.27000          -0.04984              0.27000           0.00000       0.09968
         0.28000            0.04994           0.28000          -0.04994              0.28000           0.00000       0.09988
         0.29000            0.05000           0.29000          -0.05000              0.29000           0.00000       0.09999
         0.30000            0.05001           0.30000          -0.05001              0.30000           0.00000       0.10003
         0.35000            0.04957           0.35000          -0.04957              0.35000           0.00000       0.09914
         0.40000            0.04836           0.40000          -0.04836              0.40000           0.00000       0.09672
         0.45000            0.04651           0.45000          -0.04651              0.45000           0.00000       0.09301
         0.50000            0.04412           0.50000          -0.04412              0.50000           0.00000       0.08823
         0.55000            0.04127           0.55000          -0.04127              0.55000           0.00000       0.08254
         0.60000            0.03803           0.60000          -0.03803              0.60000           0.00000       0.07606
         0.65000            0.03444           0.65000          -0.03444              0.65000           0.00000       0.06887
         0.70000            0.03053           0.70000          -0.03053              0.70000           0.00000       0.06107
         0.75000            0.02634           0.75000          -0.02634              0.75000           0.00000       0.05267
         0.80000            0.02186           0.80000          -0.02186              0.80000           0.00000       0.04372
         0.82000            0.01999           0.82000          -0.01999              0.82000           0.00000       0.03998
         0.84000            0.01808           0.84000          -0.01808              0.84000           0.00000       0.03616
         0.86000            0.01612           0.86000          -0.01612              0.86000           0.00000       0.03224
         0.88000            0.01412           0.88000          -0.01412              0.88000           0.00000       0.02823
         0.90000            0.01206           0.90000          -0.01206              0.90000           0.00000       0.02413
         0.92000            0.00996           0.92000          -0.00996              0.92000           0.00000       0.01993
         0.94000            0.00782           0.94000          -0.00782              0.94000           0.00000       0.01563
         0.96000            0.00561           0.96000          -0.00561              0.96000           0.00000       0.01123
         0.98000            0.00336           0.98000          -0.00336              0.98000           0.00000       0.00672
         1.00000            0.00000           1.00000           0.00000              1.00000           0.00000       0.00000
1                             AUTOMATED STABILITY AND CONTROL METHODS PER APRIL 1976 VERSION OF DATCOM   
                                                   HORIZONTAL TAIL SECTION DEFINITION
0                                 IDEAL ANGLE OF ATTACK =   0.00000 DEG.

                              ZERO LIFT ANGLE OF ATTACK =   0.00000 DEG.

                                 IDEAL LIFT COEFFICIENT =   0.00000

                  ZERO LIFT PITCHING MOMENT COEFFICIENT =   0.00000

                             MACH ZERO LIFT-CURVE-SLOPE =   0.09755 /DEG.

                                    LEADING EDGE RADIUS =   0.01102 FRACTION CHORD

                              MAXIMUM AIRFOIL THICKNESS =   0.10000 FRACTION CHORD

                                                DELTA-Y =   2.64081 PERCENT CHORD


0                         MACH= 0.6000 LIFT-CURVE-SLOPE =   0.11892 /DEG.      XAC =   0.26010
1                             AUTOMATED STABILITY AND CONTROL METHODS PER APRIL 1976 VERSION OF DATCOM   
                                                    VERTICAL TAIL SECTION DEFINITION
                                                                NACA 0012
     UPPER ABSCISSA     UPPER ORDINATE     LOWER ABSCISSA     LOWER ORDINATE      X-FRACTION CHORD    MEAN LINE    THICKNESS
         0.00000            0.00000           0.00000           0.00000              0.00000           0.00000       0.00000
         0.00100            0.00556           0.00100          -0.00556              0.00100           0.00000       0.01111
         0.00200            0.00781           0.00200          -0.00781              0.00200           0.00000       0.01563
         0.00300            0.00953           0.00300          -0.00953              0.00300           0.00000       0.01906
         0.00400            0.01096           0.00400          -0.01096              0.00400           0.00000       0.02192
         0.00500            0.01221           0.00500          -0.01221              0.00500           0.00000       0.02443
         0.00600            0.01334           0.00600          -0.01334              0.00600           0.00000       0.02668
         0.00700            0.01436           0.00700          -0.01436              0.00700           0.00000       0.02873
         0.00800            0.01532           0.00800          -0.01532              0.00800           0.00000       0.03063
         0.00900            0.01620           0.00900          -0.01620              0.00900           0.00000       0.03240
         0.01000            0.01704           0.01000          -0.01704              0.01000           0.00000       0.03407
         0.02000            0.02360           0.02000          -0.02360              0.02000           0.00000       0.04720
         0.03000            0.02840           0.03000          -0.02840              0.03000           0.00000       0.05680
         0.04000            0.03228           0.04000          -0.03228              0.04000           0.00000       0.06455
         0.05000            0.03555           0.05000          -0.03555              0.05000           0.00000       0.07109
         0.06000            0.03838           0.06000          -0.03838              0.06000           0.00000       0.07675
         0.07000            0.04086           0.07000          -0.04086              0.07000           0.00000       0.08173
         0.08000            0.04307           0.08000          -0.04307              0.08000           0.00000       0.08614
         0.09000            0.04505           0.09000          -0.04505              0.09000           0.00000       0.09010
         0.10000            0.04683           0.10000          -0.04683              0.10000           0.00000       0.09366
         0.11000            0.04843           0.11000          -0.04843              0.11000           0.00000       0.09686
         0.12000            0.04988           0.12000          -0.04988              0.12000           0.00000       0.09976
         0.13000            0.05119           0.13000          -0.05119              0.13000           0.00000       0.10239
         0.14000            0.05238           0.14000          -0.05238              0.14000           0.00000       0.10476
         0.15000            0.05345           0.15000          -0.05345              0.15000           0.00000       0.10690
         0.16000            0.05442           0.16000          -0.05442              0.16000           0.00000       0.10884
         0.17000            0.05529           0.17000          -0.05529              0.17000           0.00000       0.11057
         0.18000            0.05607           0.18000          -0.05607              0.18000           0.00000       0.11213
         0.19000            0.05676           0.19000          -0.05676              0.19000           0.00000       0.11352
         0.20000            0.05738           0.20000          -0.05738              0.20000           0.00000       0.11475
         0.21000            0.05792           0.21000          -0.05792              0.21000           0.00000       0.11583
         0.22000            0.05839           0.22000          -0.05839              0.22000           0.00000       0.11677
         0.23000            0.05879           0.23000          -0.05879              0.23000           0.00000       0.11758
         0.24000            0.05913           0.24000          -0.05913              0.24000           0.00000       0.11826
         0.25000            0.05941           0.25000          -0.05941              0.25000           0.00000       0.11882
         0.26000            0.05964           0.26000          -0.05964              0.26000           0.00000       0.11927
         0.27000            0.05981           0.27000          -0.05981              0.27000           0.00000       0.11961
         0.28000            0.05993           0.28000          -0.05993              0.28000           0.00000       0.11985
         0.29000            0.06000           0.29000          -0.06000              0.29000           0.00000       0.11999
         0.30000            0.06002           0.30000          -0.06002              0.30000           0.00000       0.12003
         0.35000            0.05949           0.35000          -0.05949              0.35000           0.00000       0.11897
         0.40000            0.05803           0.40000          -0.05803              0.40000           0.00000       0.11606
         0.45000            0.05581           0.45000          -0.05581              0.45000           0.00000       0.11161
         0.50000            0.05294           0.50000          -0.05294              0.50000           0.00000       0.10588
         0.55000            0.04952           0.55000          -0.04952              0.55000           0.00000       0.09905
         0.60000            0.04563           0.60000          -0.04563              0.60000           0.00000       0.09127
         0.65000            0.04132           0.65000          -0.04132              0.65000           0.00000       0.08265
         0.70000            0.03664           0.70000          -0.03664              0.70000           0.00000       0.07328
         0.75000            0.03160           0.75000          -0.03160              0.75000           0.00000       0.06321
         0.80000            0.02623           0.80000          -0.02623              0.80000           0.00000       0.05246
         0.82000            0.02399           0.82000          -0.02399              0.82000           0.00000       0.04798
         0.84000            0.02169           0.84000          -0.02169              0.84000           0.00000       0.04339
         0.86000            0.01934           0.86000          -0.01934              0.86000           0.00000       0.03869
         0.88000            0.01694           0.88000          -0.01694              0.88000           0.00000       0.03388
         0.90000            0.01448           0.90000          -0.01448              0.90000           0.00000       0.02895
         0.92000            0.01196           0.92000          -0.01196              0.92000           0.00000       0.02392
         0.94000            0.00938           0.94000          -0.00938              0.94000           0.00000       0.01876
         0.96000            0.00674           0.96000          -0.00674              0.96000           0.00000       0.01347
         0.98000            0.00403           0.98000          -0.00403              0.98000           0.00000       0.00806
         1.00000            0.00000           1.00000           0.00000              1.00000           0.00000       0.00000
1                             AUTOMATED STABILITY AND CONTROL METHODS PER APRIL 1976 VERSION OF DATCOM   
                                                    VERTICAL TAIL SECTION DEFINITION
0                                 IDEAL ANGLE OF ATTACK =   0.00000 DEG.

                              ZERO LIFT ANGLE OF ATTACK =   0.00000 DEG.

                                 IDEAL LIFT COEFFICIENT =   0.00000

                  ZERO LIFT PITCHING MOMENT COEFFICIENT =   0.00000

                             MACH ZERO LIFT-CURVE-SLOPE =   0.09596 /DEG.

                                    LEADING EDGE RADIUS =   0.01587 FRACTION CHORD

                              MAXIMUM AIRFOIL THICKNESS =   0.12000 FRACTION CHORD

                                                DELTA-Y =   3.16898 PERCENT CHORD


0                         MACH= 0.6000 LIFT-CURVE-SLOPE =   0.11639 /DEG.      XAC =   0.26187
1                             AUTOMATED STABILITY AND CONTROL METHODS PER APRIL 1976 VERSION OF DATCOM   
                                                     VENTRAL FIN SECTION DEFINITION
                                                                NACA 0012
     UPPER ABSCISSA     UPPER ORDINATE     LOWER ABSCISSA     LOWER ORDINATE      X-FRACTION CHORD    MEAN LINE    THICKNESS
         0.00000            0.00000           0.00000           0.00000              0.00000           0.00000       0.00000
         0.00100            0.00556           0.00100          -0.00556              0.00100           0.00000       0.01111
         0.00200            0.00781           0.00200          -0.00781              0.00200           0.00000       0.01563
         0.00300            0.00953           0.00300          -0.00953              0.00300           0.00000       0.01906
         0.00400            0.01096           0.00400          -0.01096              0.00400           0.00000       0.02192
         0.00500            0.01221           0.00500          -0.01221              0.00500           0.00000       0.02443
         0.00600            0.01334           0.00600          -0.01334              0.00600           0.00000       0.02668
         0.00700            0.01436           0.00700          -0.01436              0.00700           0.00000       0.02873
         0.00800            0.01532           0.00800          -0.01532              0.00800           0.00000       0.03063
         0.00900            0.01620           0.00900          -0.01620              0.00900           0.00000       0.03240
         0.01000            0.01704           0.01000          -0.01704              0.01000           0.00000       0.03407
         0.02000            0.02360           0.02000          -0.02360              0.02000           0.00000       0.04720
         0.03000            0.02840           0.03000          -0.02840              0.03000           0.00000       0.05680
         0.04000            0.03228           0.04000          -0.03228              0.04000           0.00000       0.06455
         0.05000            0.03555           0.05000          -0.03555              0.05000           0.00000       0.07109
         0.06000            0.03838           0.06000          -0.03838              0.06000           0.00000       0.07675
         0.07000            0.04086           0.07000          -0.04086              0.07000           0.00000       0.08173
         0.08000            0.04307           0.08000          -0.04307              0.08000           0.00000       0.08614
         0.09000            0.04505           0.09000          -0.04505              0.09000           0.00000       0.09010
         0.10000            0.04683           0.10000          -0.04683              0.10000           0.00000       0.09366
         0.11000            0.04843           0.11000          -0.04843              0.11000           0.00000       0.09686
         0.12000            0.04988           0.12000          -0.04988              0.12000           0.00000       0.09976
         0.13000            0.05119           0.13000          -0.05119              0.13000           0.00000       0.10239
         0.14000            0.05238           0.14000          -0.05238              0.14000           0.00000       0.10476
         0.15000            0.05345           0.15000          -0.05345              0.15000           0.00000       0.10690
         0.16000            0.05442           0.16000          -0.05442              0.16000           0.00000       0.10884
         0.17000            0.05529           0.17000          -0.05529              0.17000           0.00000       0.11057
         0.18000            0.05607           0.18000          -0.05607              0.18000           0.00000       0.11213
         0.19000            0.05676           0.19000          -0.05676              0.19000           0.00000       0.11352
         0.20000            0.05738           0.20000          -0.05738              0.20000           0.00000       0.11475
         0.21000            0.05792           0.21000          -0.05792              0.21000           0.00000       0.11583
         0.22000            0.05839           0.22000          -0.05839              0.22000           0.00000       0.11677
         0.23000            0.05879           0.23000          -0.05879              0.23000           0.00000       0.11758
         0.24000            0.05913           0.24000          -0.05913              0.24000           0.00000       0.11826
         0.25000            0.05941           0.25000          -0.05941              0.25000           0.00000       0.11882
         0.26000            0.05964           0.26000          -0.05964              0.26000           0.00000       0.11927
         0.27000            0.05981           0.27000          -0.05981              0.27000           0.00000       0.11961
         0.28000            0.05993           0.28000          -0.05993              0.28000           0.00000       0.11985
         0.29000            0.06000           0.29000          -0.06000              0.29000           0.00000       0.11999
         0.30000            0.06002           0.30000          -0.06002              0.30000           0.00000       0.12003
         0.35000            0.05949           0.35000          -0.05949              0.35000           0.00000       0.11897
         0.40000            0.05803           0.40000          -0.05803              0.40000           0.00000       0.11606
         0.45000            0.05581           0.45000          -0.05581              0.45000           0.00000       0.11161
         0.50000            0.05294           0.50000          -0.05294              0.50000           0.00000       0.10588
         0.55000            0.04952           0.55000          -0.04952              0.55000           0.00000       0.09905
         0.60000            0.04563           0.60000          -0.04563              0.60000           0.00000       0.09127
         0.65000            0.04132           0.65000          -0.04132              0.65000           0.00000       0.08265
         0.70000            0.03664           0.70000          -0.03664              0.70000           0.00000       0.07328
         0.75000            0.03160           0.75000          -0.03160              0.75000           0.00000       0.06321
         0.80000            0.02623           0.80000          -0.02623              0.80000           0.00000       0.05246
         0.82000            0.02399           0.82000          -0.02399              0.82000           0.00000       0.04798
         0.84000            0.02169           0.84000          -0.02169              0.84000           0.00000       0.04339
         0.86000            0.01934           0.86000          -0.01934              0.86000           0.00000       0.03869
         0.88000            0.01694           0.88000          -0.01694              0.88000           0.00000       0.03388
         0.90000            0.01448           0.90000          -0.01448              0.90000           0.00000       0.02895
         0.92000            0.01196           0.92000          -0.01196              0.92000           0.00000       0.02392
         0.94000            0.00938           0.94000          -0.00938              0.94000           0.00000       0.01876
         0.96000            0.00674           0.96000          -0.00674              0.96000           0.00000       0.01347
         0.98000            0.00403           0.98000          -0.00403              0.98000           0.00000       0.00806
         1.00000            0.00000           1.00000           0.00000              1.00000           0.00000       0.00000
1                             AUTOMATED STABILITY AND CONTROL METHODS PER APRIL 1976 VERSION OF DATCOM   
                                                     VENTRAL FIN SECTION DEFINITION
0                                 IDEAL ANGLE OF ATTACK =   0.00000 DEG.

                              ZERO LIFT ANGLE OF ATTACK =   0.00000 DEG.

                                 IDEAL LIFT COEFFICIENT =   0.00000

                  ZERO LIFT PITCHING MOMENT COEFFICIENT =   0.00000

                             MACH ZERO LIFT-CURVE-SLOPE =   0.09596 /DEG.

                                    LEADING EDGE RADIUS =   0.01587 FRACTION CHORD

                              MAXIMUM AIRFOIL THICKNESS =   0.12000 FRACTION CHORD

                                                DELTA-Y =   3.16898 PERCENT CHORD


0                         MACH= 0.6000 LIFT-CURVE-SLOPE =   0.11639 /DEG.      XAC =   0.26187
 Return to main program from M50O62
 Return to main program from M02O02
 Return to main program from M51O63
 WARNING*** BODY ALONE DYNAMIC DERIVATIVE METHOD VALID FOR NOSE CYLINDER ONLY
            TAIL EFFECTS IGNORED]
1                               AUTOMATED STABILITY AND CONTROL METHODS PER APRIL 1976 VERSION OF DATCOM
                                         CHARACTERISTICS AT ANGLE OF ATTACK AND IN SIDESLIP
                                  WING-BODY-HORIZONTAL TAIL-VERTICAL TAIL-VENTRAL FIN CONFIGURATION
                                                  Citation II Model 550 Aircraft
 
 -----------------------  FLIGHT CONDITIONS  ------------------------           --------------  REFERENCE DIMENSIONS  ------------
  MACH    ALTITUDE   VELOCITY    PRESSURE    TEMPERATURE     REYNOLDS             REF.      REFERENCE LENGTH   MOMENT REF. CENTER
 NUMBER                                                       NUMBER              AREA       LONG.     LAT.     HORIZ      VERT
             FT       FT/SEC     LB/FT**2       DEG R         1/FT               FT**2        FT        FT        FT        FT
0 0.600   30000.00     596.84   6.2966E+02     411.838     1.7033E+06           320.800      6.753    51.700    21.900     3.125
0                                                               -------------------DERIVATIVE (PER DEGREE)-------------------
0 ALPHA     CD       CL       CM       CN       CA       XCP        CLA          CMA          CYB          CNB          CLB
0
   -6.0    0.026   -0.444    0.1899  -0.444   -0.020   -0.427    1.022E-01   -1.981E-02   -1.264E-02    1.016E-03   -2.781E-03
   -4.0    0.020   -0.239    0.1517  -0.240    0.003   -0.633    1.026E-01   -1.877E-02                             -2.678E-03
   -2.0    0.017   -0.034    0.1148  -0.034    0.016   -3.345    1.024E-01   -1.804E-02                             -2.573E-03
    0.0    0.018    0.171    0.0796   0.171    0.018    0.466    1.019E-01   -1.744E-02                             -2.467E-03
    2.0    0.023    0.374    0.0450   0.375    0.010    0.120    1.012E-01   -1.717E-02                             -2.360E-03
    4.0    0.032    0.576    0.0109   0.576   -0.008    0.019    9.854E-02   -1.736E-02                             -2.252E-03
    6.0    0.044    0.768   -0.0244   0.768   -0.037   -0.032    8.897E-02   -1.912E-02                             -2.147E-03
    8.0    0.057    0.932   -0.0656   0.930   -0.073   -0.070    7.358E-02   -2.172E-02                             -2.048E-03
   10.0    0.072    1.062   -0.1113   1.059   -0.114   -0.105    5.989E-02   -2.442E-02                             -1.953E-03
   12.0    0.088    1.171   -0.1632   1.164   -0.157   -0.140    4.871E-02   -2.751E-02                             -1.861E-03
0                                    ALPHA     Q/QINF    EPSLON  D(EPSLON)/D(ALPHA)
0
                                     -6.0      1.000     -1.649        0.446
                                     -4.0      1.000     -0.757        0.452
                                     -2.0      1.000      0.160        0.464
                                      0.0      1.000      1.098        0.474
                                      2.0      1.000      2.056        0.482
                                      4.0      1.000      3.026        0.478
                                      6.0      1.000      3.967        0.448
                                      8.0      1.000      4.816        0.399
                                     10.0      1.000      5.563        0.329
                                     12.0      1.000      6.131        0.284
1                               AUTOMATED STABILITY AND CONTROL METHODS PER APRIL 1976 VERSION OF DATCOM
                                                         DYNAMIC DERIVATIVES
                                  WING-BODY-HORIZONTAL TAIL-VERTICAL TAIL-VENTRAL FIN CONFIGURATION
                                                  Citation II Model 550 Aircraft
 
 -----------------------  FLIGHT CONDITIONS  ------------------------           --------------  REFERENCE DIMENSIONS  ------------
  MACH    ALTITUDE   VELOCITY    PRESSURE    TEMPERATURE     REYNOLDS             REF.      REFERENCE LENGTH   MOMENT REF. CENTER
 NUMBER                                                       NUMBER              AREA       LONG.     LAT.     HORIZ      VERT
             FT       FT/SEC     LB/FT**2       DEG R         1/FT               FT**2        FT        FT        FT        FT
0 0.600   30000.00     596.84   6.2966E+02     411.838     1.7033E+06           320.800      6.753    51.700    21.900     3.125
                                                    DYNAMIC DERIVATIVES (PER DEGREE)
0           -------PITCHING-------    -----ACCELERATION------    --------------ROLLING--------------    --------YAWING--------
0   ALPHA       CLQ          CMQ           CLAD         CMAD         CLP          CYP          CNP          CNR          CLR
0
    -6.00    1.384E-01   -2.836E-01     4.348E-02   -1.222E-01   -8.505E-03   -1.403E-03    5.298E-04   -1.913E-03   -8.153E-04
    -4.00                               4.410E-02   -1.240E-01   -8.502E-03   -1.572E-03    2.650E-04   -1.917E-03   -1.282E-04
    -2.00                               4.522E-02   -1.271E-01   -8.496E-03   -1.739E-03   -1.566E-06   -1.928E-03    5.571E-04
     0.00                               4.621E-02   -1.299E-01   -8.469E-03   -1.904E-03   -2.707E-04   -1.948E-03    1.239E-03
     2.00                               4.699E-02   -1.321E-01   -8.393E-03   -2.066E-03   -5.426E-04   -1.975E-03    1.915E-03
     4.00                               4.659E-02   -1.310E-01   -7.988E-03   -2.228E-03   -8.248E-04   -2.010E-03    2.579E-03
     6.00                               4.365E-02   -1.227E-01   -6.755E-03   -2.375E-03   -1.124E-03   -2.048E-03    3.178E-03
     8.00                               3.890E-02   -1.094E-01   -4.993E-03   -2.470E-03   -1.407E-03   -2.082E-03    3.620E-03
    10.00                               3.204E-02   -9.008E-02   -3.489E-03   -2.502E-03   -1.642E-03   -2.105E-03    3.909E-03
    12.00                               2.767E-02   -7.779E-02   -2.245E-03   -2.467E-03   -1.817E-03   -2.120E-03    4.087E-03
0*** VEHICLE WEIGHT =   9149.00 LB.
0*** LEVEL FLIGHT LIFT COEFFICIENT = 0.17973
1                             AUTOMATED STABILITY AND CONTROL METHODS PER APRIL 1976 VERSION OF DATCOM
                                             CONFIGURATION AUXILIARY AND PARTIAL OUTPUT
                                        WING-BODY-VERTICAL TAIL-HORIZONTAL TAIL CONFIGURATION
                                                  Citation II Model 550 Aircraft
 -----------------------  FLIGHT CONDITIONS  ------------------------           --------------  REFERENCE DIMENSIONS  ------------
  MACH    ALTITUDE   VELOCITY    PRESSURE    TEMPERATURE     REYNOLDS             REF.      REFERENCE LENGTH   MOMENT REF. CENTER
 NUMBER                                                       NUMBER              AREA       LONG.     LAT.     HORIZ      VERT
             FT       FT/SEC     LB/FT**2       DEG R         1/FT               FT**2        FT        FT        FT        FT
0 0.600   30000.00     596.84   6.2966E+02     411.838     1.7033E+06           320.800      6.753    51.700    21.900     3.125


                                                       BASIC BODY PROPERTIES

            WETTED AREA      XCG     ZCG     BASE AREA     ZERO LIFT DRAG   BASE DRAG   FRICTION DRAG   PRESSURE DRAG
             0.6088E+03    21.90    3.12       7.1794        0.5995E-02    0.1438E-02    0.4556E-02         NA  


                                         XCG RELATIVE TO THEORETICAL LEADING EDGE MAC=   1.90


                                                       BASIC PLANFORM PROPERTIES

                                    TAPER     ASPECT   QUARTER CHORD             QUARTER CHORD              ZERO LIFT    FRICTION
                         AREA       RATIO      RATIO       SWEEP        MAC        X(MAC)       Y(MAC)        DRAG     COEFFICIENT
0      WING
   TOTAL THEORITICAL
+                     0.3208E+03    0.320    0.8332E+01     1.300    0.675E+01    0.217E+02    0.107E+02                       
       TOTAL EXPOSED
+                     0.2773E+03    0.342    0.7940E+01     1.300    0.638E+01    0.217E+02    0.122E+02    0.686E-02    0.286E-02
0  HORIZONTAL TAIL
   TOTAL THEORITICAL
+                     0.7037E+02    0.497    0.5044E+01     5.320    0.388E+01    0.408E+02    0.418E+01                       
       TOTAL EXPOSED
+                     0.6828E+02    0.503    0.4969E+01     5.320    0.384E+01    0.408E+02    0.431E+01    0.172E-02    0.310E-02
0   VERTICAL TAIL
   TOTAL THEORITICAL
+                     0.5619E+02    0.437    0.1579E+01    32.300    0.627E+01    0.407E+02    0.101E+02                       
       TOTAL EXPOSED
+                     0.5154E+02    0.453    0.1520E+01    32.300    0.610E+01    0.409E+02    0.444E+01    0.122E-02    0.288E-02
0    VENTRAL FIN
   TOTAL THEORITICAL
+                     0.1357E+02    0.000    0.3898E+00   -33.041    0.787E+01    0.305E+02    0.817E+01                       
       TOTAL EXPOSED
+                     0.1131E+02    0.000    0.3898E+00   -33.041    0.718E+01    0.304E+02    0.900E+00    0.247E-03    0.281E-02
0*** NA PRINTED WHEN METHOD NOT APPLICABLE
1                             AUTOMATED STABILITY AND CONTROL METHODS PER APRIL 1976 VERSION OF DATCOM
                                             CONFIGURATION AUXILIARY AND PARTIAL OUTPUT
                                        WING-BODY-VERTICAL TAIL-HORIZONTAL TAIL CONFIGURATION
                                                  Citation II Model 550 Aircraft
 -----------------------  FLIGHT CONDITIONS  ------------------------           --------------  REFERENCE DIMENSIONS  ------------
  MACH    ALTITUDE   VELOCITY    PRESSURE    TEMPERATURE     REYNOLDS             REF.      REFERENCE LENGTH   MOMENT REF. CENTER
 NUMBER                                                       NUMBER              AREA       LONG.     LAT.     HORIZ      VERT
             FT       FT/SEC     LB/FT**2       DEG R         1/FT               FT**2        FT        FT        FT        FT
0 0.600   30000.00     596.84   6.2966E+02     411.838     1.7033E+06           320.800      6.753    51.700    21.900     3.125
0          CLA-B(W)= 9.109E-03     CLA-W(B)= 8.139E-02     K-B(W)= 1.202E-01     K-W(B)= 1.074E+00     XAC/C-B(W)= 3.376E-01
0          CLA-B(H)= 4.801E-04     CLA-H(B)= 1.686E-02     K-B(H)= 2.898E-02     K-H(B)= 1.018E+00     XAC/C-B(H)= 1.890E-01
0                                      SIDEWASH, (1 + D(SIGMA)/D(BETA))QV/Q = 8.4312505E-01



                ALPHA         IV-B(W)          IV-W(H)          IV-B(H)          GAMMA/                  GAMMA/
                                                                              2*PI*ALPHA*V*R         (2*PI*ALPHA*V*R)T
                -6.000       0.0000E+00      -0.8906E+00       0.0000E+00          NDM                      NDM 
                -4.000       0.0000E+00      -0.9087E+00       0.0000E+00       0.0000E+00               0.0000E+00
                -2.000       0.0000E+00      -0.9259E+00       0.0000E+00       0.0000E+00               0.0000E+00
                 0.000       0.0000E+00      -0.9423E+00       0.0000E+00       0.0000E+00               0.0000E+00
                 2.000       0.0000E+00      -0.9576E+00       0.0000E+00       0.0000E+00               0.0000E+00
                 4.000       0.0000E+00      -0.9718E+00       0.0000E+00       0.0000E+00               0.0000E+00
                 6.000       0.0000E+00      -0.9847E+00       0.0000E+00          NDM                      NDM 
                 8.000       0.0000E+00      -0.9960E+00       0.0000E+00          NDM                      NDM 
                10.000       0.0000E+00      -0.1006E+01      -0.4526E-01          NDM                   0.4452E+00
                12.000       0.0000E+00      -0.1013E+01      -0.1408E+00          NDM                   0.5544E+00


                                                  DYNAMIC DERIVATIVE INCREMENTALS
          CLP(GAMMA=CL=0) =-4.8080E-01     CLP(GAMMA)/CLP (GAMMA=0) = 1.0000E+00      CNP/THETA = 4.1637E-04
                              CYP/GAMMA =-9.0570E-02                    CYP/CL (CL=0) =-1.3455E-01

                                             CLB/GAMMA        (CMO/THETA)W     (CMO/THETA)H
                                             -0.2235E-03       -0.3192E-03           NA  
0*** NDM PRINTED WHEN NO DATCOM METHODS EXIST
0*** NA PRINTED WHEN METHOD NOT APPLICABLE
1
 Return to main program from M57O71
1          THE FOLLOWING IS A LIST OF ALL INPUT CARDS FOR THIS CASE.
0
1 END OF JOB.
